// Jest Snapshot v1, https://goo.gl/fbAQLP

exports[`matches snapshot 1`] = `
<DocumentFragment>
  <div
    class="DefaultItem"
  >
    <p>
      Select the  that you're interested in.
    </p>
  </div>
</DocumentFragment>
`;
