// Jest Snapshot v1, https://goo.gl/fbAQLP

exports[`matches snapshot 1`] = `
<DocumentFragment>
  <div
    class="App"
  >
    <div
      class="VendingMachine"
    >
      <h1>
        A Beautiful Vending Machine
      </h1>
      <nav
        class="VendingMachine-static-link"
      >
        <a
          href="/snacks"
        >
          snacks
        </a>
      </nav>
      <nav
        class="VendingMachine-static-link"
      >
        <a
          href="/drinks"
        >
          drinks
        </a>
      </nav>
    </div>
  </div>
</DocumentFragment>
`;
